
ASEM-51 V1.3                                         Copyright (c) 2002 by W.W. Heinz                                         PAGE 1





       MCS-51 Family Macro Assembler   A S E M - 5 1   V 1.3
       =====================================================



	Source File:	B:\KFUPM_ALL\Semster_213\EE390_Digital_Systems_Engineering\LAB\Summer_Projects\CODE_MAIN.asm
	Object File:	B:\KFUPM_ALL\Semster_213\EE390_Digital_Systems_Engineering\LAB\Summer_Projects\CODE_MAIN.hex
	List File:	B:\KFUPM_ALL\Semster_213\EE390_Digital_Systems_Engineering\LAB\Summer_Projects\CODE_MAIN.lst



 Line  I  Addr  Code            Source

    1:		N      0000		ORG 00H
    2:	  0000	02 00 70		LJMP MAIN
    3:
    4:		N      0020		ORG 20H
    5:	  0020	2D 04 00 08		MATRIXS: DB 45, 4, 0, 8, 11, 29, 9, 5, 6
	  0024	0B 1D 09 05
	  0028	06
    6:		N      0030		ORG 30H
    7:	  0030	1E 5F 19 32		MATRIXG: DB 30 , 95 , 25 , 50 , 15 , 20 , 5 , 15 , 45
	  0034	0F 14 05 0F
	  0038	2D
    8:		N      0040		ORG 40H
    9:	  0040	28 50 19 0F	 	MATRIXL: DB 40 , 80 , 25 , 15 , 30 , 20 , 9 , 5 , 35
	  0044	1E 14 09 05
	  0048	23
   10:
   11:		N      0070		ORG 70H
   12:	  0070			MAIN:
   13:				;===============Part 1================
   14:	  0070			OUTPWR:
   15:	  0070	75 34 09		MOV 34H,#09D	;Length of the vector. COUNTER
   16:	  0073	90 00 20		MOV DPTR,#0020H	;READING DATA FROM THE ROM
   17:
   18:				;------ Parameter of the program ----------------
   19:	  0076	78 50			MOV R0,#50H	;SAVING LOCATION
   20:	  0078	75 30 05		MOV 30H,#05D	;cut_in
   21:	  007B	75 31 0B		MOV 31H,#11D	;rated
   22:	  007E	75 32 19		MOV 32H,#25D	;cut_out
   23:	  0081	75 33 32		MOV 33H,#50D	;rated power
   24:				;------------------------------------------------
   25:	  0084	E5 31			MOV  A,31H
   26:	  0086	95 30			SUBB A,30H
   27:	  0088	F5 36			MOV 36H,A	;DEN
   28:				;41H is the address of the output
   29:
   30:	  008A			HERE:
   31:	  008A	E4			CLR A
   32:	  008B	C3			CLR C
   33:	  008C	93			MOVC A,@A+DPTR
   34:	  008D	B5 30 02		CJNE A,30H,N1	;CONDITION 1
   35:	  0090	80 07			SJMP N2
   36:	  0092	50 05		N1:	JNC N2
   37:	  0094	75 37 00	ZERO:	MOV 37H,#00H	;OUTPUT = 00

ASEM-51 V1.3                                         Copyright (c) 2002 by W.W. Heinz                                         PAGE 2



 Line  I  Addr  Code            Source

   38:	  0097	80 1F			SJMP THERE
   39:	  0099			N2:
   40:	  0099	B5 31 02		CJNE A,31H,N3	;CONDITION 2
   41:	  009C	80 10			SJMP N4
   42:	  009E	50 0E		N3:	JNC N4
   43:				;------ Second equation ---------------
   44:	  00A0	C3			CLR C
   45:	  00A1	95 30			SUBB A,30H	;Vci < A < Vrt ==> 5 < A < 11
   46:	  00A3	85 33 F0		MOV B,33H	;Rated Power
   47:	  00A6	A9 36			MOV R1,36H	;DEN
   48:					;the above 3 lines are the args.
   49:					;for the function MULT
   50:	  00A8	11 EE			ACALL MULT	;(A-5)*P_rated/(11-5)=A*B/R1
   51:	  00AA	F5 37			MOV 37H,A
   52:	  00AC	80 0A			SJMP THERE
   53:				;--------------------------------------
   54:
   55:	  00AE			N4:
   56:	  00AE	B5 32 02		CJNE A,32H,N5	;CONDITION 3
   57:	  00B1	80 E1			SJMP ZERO
   58:	  00B3	50 DF		N5:	JNC ZERO
   59:				;------- THIRD EQUATION -----------------
   60:	  00B5	85 33 37		MOV 37H,33H	;OUTPUT = P_rated
   61:				;----------------------------------------
   62:	  00B8	A6 37		THERE:	MOV @R0,37H
   63:	  00BA	08			INC R0
   64:	  00BB	A3			INC DPTR
   65:	  00BC	D5 34 CB		DJNZ 34H,HERE	;Decrement the counter
   66:
   67:				;================Part 2=======================
   68:	  00BF			LOLE:
   69:	  00BF	7F 09			MOV R7,#09D
   70:	  00C1	7A 30			MOV R2,#30H	;GEN.
   71:	  00C3	7B 40			MOV R3,#40H	;LOAD
   72:	  00C5	75 83 00		MOV DPH,#00H
   73:	  00C8	7E 00			MOV R6,#00H
   74:
   75:	  00CA	8A 82		BACK1:	MOV DPL,R2
   76:	  00CC	E4			CLR A
   77:	  00CD	93			MOVC A,@A+DPTR
   78:	  00CE	FC			MOV R4,A	;Storing GEN. to R4
   79:	  00CF	E4			CLR A
   80:	  00D0	8B 82			MOV DPL,R3
   81:	  00D2	93			MOVC A,@A+DPTR
   82:	  00D3	B5 04 02		CJNE A,04H,L1
   83:	  00D6	80 03			SJMP EXIT
   84:	  00D8	40 01		L1:	JC EXIT
   85:	  00DA	0E			INC R6
   86:	  00DB			EXIT:
   87:	  00DB	C3			CLR C
   88:	  00DC	E4			CLR A
   89:	  00DD	0A			INC R2
   90:	  00DE	0B			INC R3
   91:	  00DF	DF E9			DJNZ R7,BACK1
   92:	  00E1	8E 60			MOV 60H,R6
   93:				;==============Part 3======================

ASEM-51 V1.3                                         Copyright (c) 2002 by W.W. Heinz                                         PAGE 3



 Line  I  Addr  Code            Source

   94:
   95:	  00E3			LOLP:
   96:	  00E3	E5 60			MOV A,60H	;loading the LOLE value to register A
   97:	  00E5	75 F0 64		MOV B,#100D
   98:	  00E8	79 09			MOV R1,#09D	;DEN
   99:	  00EA	11 EE			ACALL MULT
  100:	  00EC	F5 70			MOV 70H,A
  101:
  102:				;==============Part 4======================
  103:
  104:	  00EE			MULT:
  105:	  00EE	A4			MUL AB		;Multiplication: (A-5)*P_rated
  106:	  00EF	AA F0			MOV R2,B
  107:	  00F1	89 F0			MOV B,R1	;DEN
  108:	  00F3	84			DIV AB		;Dividing the lower byte by DEN
  109:	  00F4	AC F0			MOV R4,B	;Remainder 1
  110:	  00F6	FD			MOV R5,A	;Qut 2
  111:	  00F7	EA			MOV A,R2	;Higher byte of the multiplication
  112:	  00F8	89 F0			MOV B,R1	;DEN
  113:	  00FA	84			DIV AB		;divide the higher byte by DEN
  114:	  00FB	2D			ADD A,R5	;Add the Qut
  115:	  00FC	FB			MOV R3,A	;Save the sum of Qut
  116:	  00FD	E5 F0			MOV A,B		;Remainder 2
  117:	  00FF	2C			ADD A,R4	;Sum of the remainders
  118:	  0100	89 F0			MOV B,R1	;DEN
  119:	  0102	84			DIV AB		;Divide the sum of remainders by DEN
  120:	  0103	2B			ADD A,R3	;
  121:	  0104	22			RET
  122:
  123:					END





                     register banks used:  ---

                     no errors




ASEM-51 V1.3                                         Copyright (c) 2002 by W.W. Heinz                                         PAGE 4





	       L I S T   O F   S Y M B O L S
	       =============================


SYMBOL				  TYPE     VALUE	LINE
------------------------------------------------------------
??ASEM_51			  NUMBER    8051
??VERSION			  NUMBER    0130
AC				  BIT	      D6
ACC				  DATA	      E0
B				  DATA	      F0
BACK1				  CODE	    00CA	  75
CY				  BIT	      D7
DPH				  DATA	      83
DPL				  DATA	      82
EA				  BIT	      AF
ES				  BIT	      AC
ET0				  BIT	      A9
ET1				  BIT	      AB
EX0				  BIT	      A8
EX1				  BIT	      AA
EXIT				  CODE	    00DB	  86
EXTI0				  CODE	    0003
EXTI1				  CODE	    0013
F0				  BIT	      D5
HERE				  CODE	    008A	  30
IE				  DATA	      A8
IE0				  BIT	      89
IE1				  BIT	      8B
INT0				  BIT	      B2
INT1				  BIT	      B3
IP				  DATA	      B8
IT0				  BIT	      88
IT1				  BIT	      8A
L1				  CODE	    00D8	  84
LOLE				  CODE	    00BF	  68
LOLP				  CODE	    00E3	  95
MAIN				  CODE	    0070	  12
MATRIXG				  CODE	    0030	   7
MATRIXL				  CODE	    0040	   9
MATRIXS				  CODE	    0020	   5
MULT				  CODE	    00EE	 104
N1				  CODE	    0092	  36
N2				  CODE	    0099	  39
N3				  CODE	    009E	  42
N4				  CODE	    00AE	  55
N5				  CODE	    00B3	  58
OUTPWR				  CODE	    0070	  14
OV				  BIT	      D2
P				  BIT	      D0
P0				  DATA	      80
P1				  DATA	      90
P2				  DATA	      A0
P3				  DATA	      B0
PCON				  DATA	      87
PS				  BIT	      BC

ASEM-51 V1.3                                         Copyright (c) 2002 by W.W. Heinz                                         PAGE 5



SYMBOL				  TYPE     VALUE	LINE
------------------------------------------------------------
PSW				  DATA	      D0
PT0				  BIT	      B9
PT1				  BIT	      BB
PX0				  BIT	      B8
PX1				  BIT	      BA
RB8				  BIT	      9A
RD				  BIT	      B7
REN				  BIT	      9C
RESET				  CODE	    0000
RI				  BIT	      98
RS0				  BIT	      D3
RS1				  BIT	      D4
RXD				  BIT	      B0
SBUF				  DATA	      99
SCON				  DATA	      98
SINT				  CODE	    0023
SM0				  BIT	      9F
SM1				  BIT	      9E
SM2				  BIT	      9D
SP				  DATA	      81
T0				  BIT	      B4
T1				  BIT	      B5
TB8				  BIT	      9B
TCON				  DATA	      88
TF0				  BIT	      8D
TF1				  BIT	      8F
TH0				  DATA	      8C
TH1				  DATA	      8D
THERE				  CODE	    00B8	  62
TI				  BIT	      99
TIMER0				  CODE	    000B
TIMER1				  CODE	    001B
TL0				  DATA	      8A
TL1				  DATA	      8B
TMOD				  DATA	      89
TR0				  BIT	      8C
TR1				  BIT	      8E
TXD				  BIT	      B1
WR				  BIT	      B6
ZERO				  CODE	    0094	  37
